// Jest Snapshot v1, https://goo.gl/fbAQLP

exports[`NotificationSettings should match snapshot 1`] = `
NotificationSettings {
  "context": Object {
    "intl": Object {
      "defaultFormats": Object {},
      "defaultLocale": "en",
      "formatDate": [Function],
      "formatHTMLMessage": [Function],
      "formatMessage": [Function],
      "formatNumber": [Function],
      "formatPlural": [Function],
      "formatRelative": [Function],
      "formatTime": [Function],
      "formats": Object {},
      "formatters": Object {
        "getDateTimeFormat": [Function],
        "getMessageFormat": [Function],
        "getNumberFormat": [Function],
        "getPluralFormat": [Function],
        "getRelativeFormat": [Function],
      },
      "locale": "en",
      "messages": Object {},
      "now": [Function],
      "onError": [Function],
      "textComponent": "span",
      "timeZone": null,
    },
  },
  "goToNotificationSettingsAutoResponder": [Function],
  "goToNotificationSettingsEmail": [Function],
  "goToNotificationSettingsMentions": [Function],
  "goToNotificationSettingsMobile": [Function],
  "handlePress": [Function],
  "props": Object {
    "actions": Object {
      "updateMe": [MockFunction],
    },
    "componentId": "component-id",
    "currentUser": Object {
      "id": "current_user_id",
    },
    "currentUserStatus": "status",
    "enableAutoResponder": false,
    "intl": Object {
      "defaultFormats": Object {},
      "defaultLocale": "en",
      "formatDate": [Function],
      "formatHTMLMessage": [Function],
      "formatMessage": [Function],
      "formatNumber": [Function],
      "formatPlural": [Function],
      "formatRelative": [Function],
      "formatTime": [Function],
      "formats": Object {},
      "formatters": Object {
        "getDateTimeFormat": [Function],
        "getMessageFormat": [Function],
        "getNumberFormat": [Function],
        "getPluralFormat": [Function],
        "getRelativeFormat": [Function],
      },
      "locale": "en",
      "messages": Object {},
      "now": [Function],
      "onError": [Function],
      "textComponent": "span",
      "timeZone": null,
    },
    "isLandscape": false,
    "theme": Object {
      "awayIndicator": "#ffbc42",
      "buttonBg": "#166de0",
      "buttonColor": "#ffffff",
      "centerChannelBg": "#ffffff",
      "centerChannelColor": "#3d3c40",
      "codeTheme": "github",
      "dndIndicator": "#f74343",
      "errorTextColor": "#fd5960",
      "linkColor": "#2389d7",
      "mentionBg": "#ffffff",
      "mentionBj": "#ffffff",
      "mentionColor": "#145dbf",
      "mentionHighlightBg": "#ffe577",
      "mentionHighlightLink": "#166de0",
      "newMessageSeparator": "#ff8800",
      "onlineIndicator": "#06d6a0",
      "sidebarBg": "#145dbf",
      "sidebarHeaderBg": "#1153ab",
      "sidebarHeaderTextColor": "#ffffff",
      "sidebarText": "#ffffff",
      "sidebarTextActiveBorder": "#579eff",
      "sidebarTextActiveColor": "#ffffff",
      "sidebarTextHoverBg": "#4578bf",
      "sidebarUnreadText": "#ffffff",
      "type": "Mattermost",
    },
    "updateMeRequest": Object {},
  },
  "refs": Object {},
  "saveAutoResponder": [Function],
  "saveNotificationProps": [Function],
  "setState": [Function],
  "shouldSaveAutoResponder": [Function],
  "state": null,
  "updater": Updater {
    "_callbacks": Array [],
    "_renderer": ReactShallowRenderer {
      "_context": Object {
        "intl": Object {
          "defaultFormats": Object {},
          "defaultLocale": "en",
          "formatDate": [Function],
          "formatHTMLMessage": [Function],
          "formatMessage": [Function],
          "formatNumber": [Function],
          "formatPlural": [Function],
          "formatRelative": [Function],
          "formatTime": [Function],
          "formats": Object {},
          "formatters": Object {
            "getDateTimeFormat": [Function],
            "getMessageFormat": [Function],
            "getNumberFormat": [Function],
            "getPluralFormat": [Function],
            "getRelativeFormat": [Function],
          },
          "locale": "en",
          "messages": Object {},
          "now": [Function],
          "onError": [Function],
          "textComponent": "span",
          "timeZone": null,
        },
      },
      "_didScheduleRenderPhaseUpdate": false,
      "_dispatcher": Object {
        "readContext": [Function],
        "useCallback": [Function],
        "useContext": [Function],
        "useDebugValue": [Function],
        "useEffect": [Function],
        "useImperativeHandle": [Function],
        "useLayoutEffect": [Function],
        "useMemo": [Function],
        "useReducer": [Function],
        "useRef": [Function],
        "useResponder": [Function],
        "useState": [Function],
      },
      "_element": <NotificationSettings
        actions={
          Object {
            "updateMe": [MockFunction],
          }
        }
        componentId="component-id"
        currentUser={
          Object {
            "id": "current_user_id",
          }
        }
        currentUserStatus="status"
        enableAutoResponder={false}
        intl={
          Object {
            "defaultFormats": Object {},
            "defaultLocale": "en",
            "formatDate": [Function],
            "formatHTMLMessage": [Function],
            "formatMessage": [Function],
            "formatNumber": [Function],
            "formatPlural": [Function],
            "formatRelative": [Function],
            "formatTime": [Function],
            "formats": Object {},
            "formatters": Object {
              "getDateTimeFormat": [Function],
              "getMessageFormat": [Function],
              "getNumberFormat": [Function],
              "getPluralFormat": [Function],
              "getRelativeFormat": [Function],
            },
            "locale": "en",
            "messages": Object {},
            "now": [Function],
            "onError": [Function],
            "textComponent": "span",
            "timeZone": null,
          }
        }
        isLandscape={false}
        theme={
          Object {
            "awayIndicator": "#ffbc42",
            "buttonBg": "#166de0",
            "buttonColor": "#ffffff",
            "centerChannelBg": "#ffffff",
            "centerChannelColor": "#3d3c40",
            "codeTheme": "github",
            "dndIndicator": "#f74343",
            "errorTextColor": "#fd5960",
            "linkColor": "#2389d7",
            "mentionBg": "#ffffff",
            "mentionBj": "#ffffff",
            "mentionColor": "#145dbf",
            "mentionHighlightBg": "#ffe577",
            "mentionHighlightLink": "#166de0",
            "newMessageSeparator": "#ff8800",
            "onlineIndicator": "#06d6a0",
            "sidebarBg": "#145dbf",
            "sidebarHeaderBg": "#1153ab",
            "sidebarHeaderTextColor": "#ffffff",
            "sidebarText": "#ffffff",
            "sidebarTextActiveBorder": "#579eff",
            "sidebarTextActiveColor": "#ffffff",
            "sidebarTextHoverBg": "#4578bf",
            "sidebarUnreadText": "#ffffff",
            "type": "Mattermost",
          }
        }
        updateMeRequest={Object {}}
      />,
      "_firstWorkInProgressHook": null,
      "_forcedUpdate": false,
      "_instance": [Circular],
      "_isReRender": false,
      "_newState": null,
      "_numberOfReRenders": 0,
      "_renderPhaseUpdates": null,
      "_rendered": <View
        style={
          Object {
            "backgroundColor": "#ffffff",
            "flex": 1,
          }
        }
      >
        <Connect(StatusBar) />
        <ScrollViewMock
          alwaysBounceVertical={false}
          contentContainerStyle={
            Object {
              "backgroundColor": "rgba(61,60,64,0.06)",
              "paddingTop": 35,
            }
          }
        >
          <View
            style={
              Object {
                "backgroundColor": "rgba(61,60,64,0.1)",
                "height": 1,
                "width": "100%",
              }
            }
          />
          <SettingsItem
            defaultMessage="Mentions and Replies"
            i18nId="mobile.notification_settings.mentions_replies"
            iconName="md-at"
            iconType="ion"
            isDestructor={false}
            isLandscape={false}
            onPress={[Function]}
            separator={true}
            showArrow={true}
            theme={
              Object {
                "awayIndicator": "#ffbc42",
                "buttonBg": "#166de0",
                "buttonColor": "#ffffff",
                "centerChannelBg": "#ffffff",
                "centerChannelColor": "#3d3c40",
                "codeTheme": "github",
                "dndIndicator": "#f74343",
                "errorTextColor": "#fd5960",
                "linkColor": "#2389d7",
                "mentionBg": "#ffffff",
                "mentionBj": "#ffffff",
                "mentionColor": "#145dbf",
                "mentionHighlightBg": "#ffe577",
                "mentionHighlightLink": "#166de0",
                "newMessageSeparator": "#ff8800",
                "onlineIndicator": "#06d6a0",
                "sidebarBg": "#145dbf",
                "sidebarHeaderBg": "#1153ab",
                "sidebarHeaderTextColor": "#ffffff",
                "sidebarText": "#ffffff",
                "sidebarTextActiveBorder": "#579eff",
                "sidebarTextActiveColor": "#ffffff",
                "sidebarTextHoverBg": "#4578bf",
                "sidebarUnreadText": "#ffffff",
                "type": "Mattermost",
              }
            }
          />
          <SettingsItem
            defaultMessage="Mobile"
            i18nId="mobile.notification_settings.mobile"
            iconName="md-phone-portrait"
            iconType="ion"
            isDestructor={false}
            isLandscape={false}
            onPress={[Function]}
            separator={true}
            showArrow={true}
            theme={
              Object {
                "awayIndicator": "#ffbc42",
                "buttonBg": "#166de0",
                "buttonColor": "#ffffff",
                "centerChannelBg": "#ffffff",
                "centerChannelColor": "#3d3c40",
                "codeTheme": "github",
                "dndIndicator": "#f74343",
                "errorTextColor": "#fd5960",
                "linkColor": "#2389d7",
                "mentionBg": "#ffffff",
                "mentionBj": "#ffffff",
                "mentionColor": "#145dbf",
                "mentionHighlightBg": "#ffe577",
                "mentionHighlightLink": "#166de0",
                "newMessageSeparator": "#ff8800",
                "onlineIndicator": "#06d6a0",
                "sidebarBg": "#145dbf",
                "sidebarHeaderBg": "#1153ab",
                "sidebarHeaderTextColor": "#ffffff",
                "sidebarText": "#ffffff",
                "sidebarTextActiveBorder": "#579eff",
                "sidebarTextActiveColor": "#ffffff",
                "sidebarTextHoverBg": "#4578bf",
                "sidebarUnreadText": "#ffffff",
                "type": "Mattermost",
              }
            }
          />
          <SettingsItem
            defaultMessage="Email"
            i18nId="mobile.notification_settings.email"
            iconName="ios-mail"
            iconType="ion"
            isDestructor={false}
            isLandscape={false}
            onPress={[Function]}
            separator={false}
            showArrow={true}
            theme={
              Object {
                "awayIndicator": "#ffbc42",
                "buttonBg": "#166de0",
                "buttonColor": "#ffffff",
                "centerChannelBg": "#ffffff",
                "centerChannelColor": "#3d3c40",
                "codeTheme": "github",
                "dndIndicator": "#f74343",
                "errorTextColor": "#fd5960",
                "linkColor": "#2389d7",
                "mentionBg": "#ffffff",
                "mentionBj": "#ffffff",
                "mentionColor": "#145dbf",
                "mentionHighlightBg": "#ffe577",
                "mentionHighlightLink": "#166de0",
                "newMessageSeparator": "#ff8800",
                "onlineIndicator": "#06d6a0",
                "sidebarBg": "#145dbf",
                "sidebarHeaderBg": "#1153ab",
                "sidebarHeaderTextColor": "#ffffff",
                "sidebarText": "#ffffff",
                "sidebarTextActiveBorder": "#579eff",
                "sidebarTextActiveColor": "#ffffff",
                "sidebarTextHoverBg": "#4578bf",
                "sidebarUnreadText": "#ffffff",
                "type": "Mattermost",
              }
            }
          />
          <View
            style={
              Object {
                "backgroundColor": "rgba(61,60,64,0.1)",
                "height": 1,
                "width": "100%",
              }
            }
          />
        </ScrollViewMock>
      </View>,
      "_rendering": false,
      "_updater": [Circular],
      "_workInProgressHook": null,
    },
  },
}
`;
